EN bram_cache NULL /home/student1/mbhagat/coe758/CachePro/CachePro/ipcore_dir/bram_cache.vhd sub00/vhpl12 1572627006
AR ila ila_a /home/student1/mbhagat/coe758/CachePro/CachePro/ipcore_dir/ila.vhd sub00/vhpl09 1572627001
AR icon icon_a /home/student1/mbhagat/coe758/CachePro/CachePro/ipcore_dir/icon.vhd sub00/vhpl07 1572626999
AR bram_cache bram_cache_a /home/student1/mbhagat/coe758/CachePro/CachePro/ipcore_dir/bram_cache.vhd sub00/vhpl13 1572627007
EN multiplexer2to1 NULL /home/student1/mbhagat/coe758/CachePro/CachePro/Multiplexer2to1.vhd sub00/vhpl00 1572627002
EN icon NULL /home/student1/mbhagat/coe758/CachePro/CachePro/ipcore_dir/icon.vhd sub00/vhpl06 1572626998
EN cpu_gen NULL /home/student1/mbhagat/coe758/CachePro/CachePro/CPU_gen.vhd sub00/vhpl16 1572627010
AR cache_control behavioral /home/student1/mbhagat/coe758/CachePro/CachePro/cache_control.vhd sub00/vhpl05 1572627013
AR sdram_controller behavioral /home/student1/mbhagat/coe758/CachePro/CachePro/sdram_controller.vhd sub00/vhpl23 1572627015
EN top NULL /home/student1/mbhagat/coe758/CachePro/CachePro/TOP.vhd sub00/vhpl18 1572627016
EN str NULL /home/student1/mbhagat/coe758/CachePro/CachePro/str.vhd sub00/vhpl14 1572627008
AR multiplexer2to1 behavioral /home/student1/mbhagat/coe758/CachePro/CachePro/Multiplexer2to1.vhd sub00/vhpl01 1572627003
AR cpu_gen behavioral /home/student1/mbhagat/coe758/CachePro/CachePro/CPU_gen.vhd sub00/vhpl17 1572627011
EN vio NULL /home/student1/mbhagat/coe758/CachePro/CachePro/ipcore_dir/vio.vhd sub00/vhpl10 1571432188
EN sdram_controller NULL /home/student1/mbhagat/coe758/CachePro/CachePro/sdram_controller.vhd sub00/vhpl22 1572627014
EN multiplexer1to2 NULL /home/student1/mbhagat/coe758/CachePro/CachePro/Multiplexer1to2.vhd sub00/vhpl02 1572627004
AR vio vio_a /home/student1/mbhagat/coe758/CachePro/CachePro/ipcore_dir/vio.vhd sub00/vhpl11 1571432189
AR multiplexer1to2 behavioral /home/student1/mbhagat/coe758/CachePro/CachePro/Multiplexer1to2.vhd sub00/vhpl03 1572627005
AR sdram_control behavioral /home/student1/mbhagat/coe758/CachePro/CachePro/SDRAM_CONTROL.vhd sub00/vhpl21 1572355398
EN cache_control NULL /home/student1/mbhagat/coe758/CachePro/CachePro/cache_control.vhd sub00/vhpl04 1572627012
AR str behavioral /home/student1/mbhagat/coe758/CachePro/CachePro/str.vhd sub00/vhpl15 1572627009
EN sdram_control NULL /home/student1/mbhagat/coe758/CachePro/CachePro/SDRAM_CONTROL.vhd sub00/vhpl20 1572355397
EN ila NULL /home/student1/mbhagat/coe758/CachePro/CachePro/ipcore_dir/ila.vhd sub00/vhpl08 1572627000
AR top behavioral /home/student1/mbhagat/coe758/CachePro/CachePro/TOP.vhd sub00/vhpl19 1572627017
