V3 45
FL /home/student1/mbhagat/coe758/CachePro/CachePro/cache_control.vhd 2019/11/01.12:09:46 O.87xd
EN work/cache_control 1572627012 \
      FL /home/student1/mbhagat/coe758/CachePro/CachePro/cache_control.vhd \
      PB ieee/std_logic_1164 1325952872 PB ieee/NUMERIC_STD 1325952877
AR work/cache_control/Behavioral 1572627013 \
      FL /home/student1/mbhagat/coe758/CachePro/CachePro/cache_control.vhd \
      EN work/cache_control 1572627012 CP icon CP ila CP Multiplexer2to1 \
      CP Multiplexer1to2 CP bram_cache CP str
FL /home/student1/mbhagat/coe758/CachePro/CachePro/CPU_gen.vhd 2019/10/28.19:28:35 O.87xd
EN work/CPU_gen 1572627010 \
      FL /home/student1/mbhagat/coe758/CachePro/CachePro/CPU_gen.vhd \
      PB ieee/std_logic_1164 1325952872 PB ieee/std_logic_arith 1325952873 \
      PB ieee/STD_LOGIC_UNSIGNED 1325952875
AR work/CPU_gen/Behavioral 1572627011 \
      FL /home/student1/mbhagat/coe758/CachePro/CachePro/CPU_gen.vhd \
      EN work/CPU_gen 1572627010
FL /home/student1/mbhagat/coe758/CachePro/CachePro/ipcore_dir/bram_cache.vhd 2019/10/18.15:00:19 O.87xd
EN work/bram_cache 1572627006 \
      FL /home/student1/mbhagat/coe758/CachePro/CachePro/ipcore_dir/bram_cache.vhd \
      PB ieee/std_logic_1164 1325952872
AR work/bram_cache/bram_cache_a 1572627007 \
      FL /home/student1/mbhagat/coe758/CachePro/CachePro/ipcore_dir/bram_cache.vhd \
      EN work/bram_cache 1572627006
FL /home/student1/mbhagat/coe758/CachePro/CachePro/ipcore_dir/icon.vhd 2019/10/29.08:13:54 O.87xd
EN work/icon 1572626998 \
      FL /home/student1/mbhagat/coe758/CachePro/CachePro/ipcore_dir/icon.vhd \
      PB ieee/std_logic_1164 1325952872
AR work/icon/icon_a 1572626999 \
      FL /home/student1/mbhagat/coe758/CachePro/CachePro/ipcore_dir/icon.vhd \
      EN work/icon 1572626998
FL /home/student1/mbhagat/coe758/CachePro/CachePro/ipcore_dir/ila.vhd 2019/10/29.08:17:33 O.87xd
EN work/ila 1572627000 \
      FL /home/student1/mbhagat/coe758/CachePro/CachePro/ipcore_dir/ila.vhd \
      PB ieee/std_logic_1164 1325952872
AR work/ila/ila_a 1572627001 \
      FL /home/student1/mbhagat/coe758/CachePro/CachePro/ipcore_dir/ila.vhd \
      EN work/ila 1572627000
FL /home/student1/mbhagat/coe758/CachePro/CachePro/ipcore_dir/vio.vhd 2019/10/17.13:17:18 O.87xd
EN work/vio 1571432188 \
      FL /home/student1/mbhagat/coe758/CachePro/CachePro/ipcore_dir/vio.vhd \
      PB ieee/std_logic_1164 1325952872
AR work/vio/vio_a 1571432189 \
      FL /home/student1/mbhagat/coe758/CachePro/CachePro/ipcore_dir/vio.vhd \
      EN work/vio 1571432188
FL /home/student1/mbhagat/coe758/CachePro/CachePro/Multiplexer1to2.vhd 2019/10/18.16:49:02 O.87xd
EN work/Multiplexer1to2 1572627004 \
      FL /home/student1/mbhagat/coe758/CachePro/CachePro/Multiplexer1to2.vhd \
      PB ieee/std_logic_1164 1325952872
AR work/Multiplexer1to2/Behavioral 1572627005 \
      FL /home/student1/mbhagat/coe758/CachePro/CachePro/Multiplexer1to2.vhd \
      EN work/Multiplexer1to2 1572627004
FL /home/student1/mbhagat/coe758/CachePro/CachePro/Multiplexer2to1.vhd 2019/10/16.09:46:08 O.87xd
EN work/Multiplexer2to1 1572627002 \
      FL /home/student1/mbhagat/coe758/CachePro/CachePro/Multiplexer2to1.vhd \
      PB ieee/std_logic_1164 1325952872
AR work/Multiplexer2to1/Behavioral 1572627003 \
      FL /home/student1/mbhagat/coe758/CachePro/CachePro/Multiplexer2to1.vhd \
      EN work/Multiplexer2to1 1572627002
FL /home/student1/mbhagat/coe758/CachePro/CachePro/SDRAM_CONTROL.vhd 2019/10/29.09:17:32 O.87xd
EN work/SDRAM_CONTROL 1572355397 \
      FL /home/student1/mbhagat/coe758/CachePro/CachePro/SDRAM_CONTROL.vhd \
      PB ieee/std_logic_1164 1325952872
AR work/SDRAM_CONTROL/Behavioral 1572355398 \
      FL /home/student1/mbhagat/coe758/CachePro/CachePro/SDRAM_CONTROL.vhd \
      EN work/SDRAM_CONTROL 1572355397
FL /home/student1/mbhagat/coe758/CachePro/CachePro/sdram_controller.vhd 2019/10/29.10:15:31 O.87xd
EN work/sdram_controller 1572627014 \
      FL /home/student1/mbhagat/coe758/CachePro/CachePro/sdram_controller.vhd \
      PB ieee/std_logic_1164 1325952872 PB ieee/NUMERIC_STD 1325952877
AR work/sdram_controller/Behavioral 1572627015 \
      FL /home/student1/mbhagat/coe758/CachePro/CachePro/sdram_controller.vhd \
      EN work/sdram_controller 1572627014
FL /home/student1/mbhagat/coe758/CachePro/CachePro/str.vhd 2019/10/28.17:47:47 O.87xd
EN work/str 1572627008 FL /home/student1/mbhagat/coe758/CachePro/CachePro/str.vhd \
      PB ieee/std_logic_1164 1325952872
AR work/str/Behavioral 1572627009 \
      FL /home/student1/mbhagat/coe758/CachePro/CachePro/str.vhd EN work/str 1572627008
FL /home/student1/mbhagat/coe758/CachePro/CachePro/TOP.vhd 2019/11/01.12:49:56 O.87xd
EN work/TOP 1572627016 FL /home/student1/mbhagat/coe758/CachePro/CachePro/TOP.vhd \
      PB ieee/std_logic_1164 1325952872
AR work/TOP/Behavioral 1572627017 \
      FL /home/student1/mbhagat/coe758/CachePro/CachePro/TOP.vhd EN work/TOP 1572627016 \
      CP CPU_gen CP cache_control CP sdram_controller
